../Drivers/LIS2DW12/src/lis2dw12.c:103:26:set_reg	40	static
../Drivers/LIS2DW12/src/lis2dw12.c:111:26:get_reg	40	static
../Drivers/LIS2DW12/src/lis2dw12.c:129:26:get_raw_x	40	static
../Drivers/LIS2DW12/src/lis2dw12.c:146:26:get_raw_y	40	static
../Drivers/LIS2DW12/src/lis2dw12.c:163:26:get_raw_z	40	static
../Drivers/LIS2DW12/src/lis2dw12.c:180:26:get_raw_fifo	120	dynamic
../Drivers/LIS2DW12/src/lis2dw12.c:204:16:raw_to_mg	24	static
../Drivers/LIS2DW12/src/lis2dw12.c:236:19:lis2dw12_init	32	static
../Drivers/LIS2DW12/src/lis2dw12.c:278:19:lis2dw12_get_config	40	static
../Drivers/LIS2DW12/src/lis2dw12.c:308:19:lis2dw12_get_id	40	static
../Drivers/LIS2DW12/src/lis2dw12.c:321:19:lis2dw12_is_data_ready	16	static
../Drivers/LIS2DW12/src/lis2dw12.c:331:19:lis2dw12_is_fifo_ready	16	static
../Drivers/LIS2DW12/src/lis2dw12.c:341:19:lis2dw12_is_fifo_full	16	static
../Drivers/LIS2DW12/src/lis2dw12.c:351:9:lis2dw12_get_mg_x	16	static
../Drivers/LIS2DW12/src/lis2dw12.c:362:9:lis2dw12_get_mg_y	16	static
../Drivers/LIS2DW12/src/lis2dw12.c:373:9:lis2dw12_get_mg_z	16	static
../Drivers/LIS2DW12/src/lis2dw12.c:384:19:lis2dw12_get_fifo_mg	48	static
