../Drivers/LIS2DW12/src/lis2dw12.c:104:13:set_reg	40	static
../Drivers/LIS2DW12/src/lis2dw12.c:111:13:get_reg	40	static
../Drivers/LIS2DW12/src/lis2dw12.c:127:13:get_raw_x	40	static
../Drivers/LIS2DW12/src/lis2dw12.c:142:13:get_raw_y	40	static
../Drivers/LIS2DW12/src/lis2dw12.c:157:13:get_raw_z	40	static
../Drivers/LIS2DW12/src/lis2dw12.c:172:6:lis2dw12_init	24	static
../Drivers/LIS2DW12/src/lis2dw12.c:206:9:lis2dw12_get_id	32	static
../Drivers/LIS2DW12/src/lis2dw12.c:215:19:lis2dw12_is_data_ready	16	static
../Drivers/LIS2DW12/src/lis2dw12.c:224:8:lis2dw12_get_raw_temp_8bit	32	static
../Drivers/LIS2DW12/src/lis2dw12.c:233:9:lis2dw12_get_raw_temp_12bit	32	static
../Drivers/LIS2DW12/src/lis2dw12.c:242:9:lis2dw12_get_mg_x	16	static
../Drivers/LIS2DW12/src/lis2dw12.c:276:9:lis2dw12_get_mg_y	16	static
../Drivers/LIS2DW12/src/lis2dw12.c:310:9:lis2dw12_get_mg_z	16	static
../Drivers/LIS2DW12/src/lis2dw12.c:344:16:lis2dw12_get_odr	32	static
../Drivers/LIS2DW12/src/lis2dw12.c:353:17:lis2dw12_get_mode	32	static
../Drivers/LIS2DW12/src/lis2dw12.c:362:19:lis2dw12_get_lpmode	32	static
../Drivers/LIS2DW12/src/lis2dw12.c:371:15:lis2dw12_get_fs	32	static
